exports[`<Footer /> renders by default 1`] = `
<footer
  className="footer">
  <a
    onClick={[Function]}
    style={Object {}}>
    Site Terms
  </a>
   & 
  <a
    onClick={[Function]}
    style={Object {}}>
    Conditions
  </a>
   for use and our Privacy Policy apply. ©2017 Sohobase Ltd. All References marked with a ™ or ® are trademarks of Sohobase. All rights reserved.
</footer>
`;
