exports[`<JobListItem /> renders a name property 1`] = `
<a
  onClick={[Function]}
  style={Object {}}>
  <li
    className="joblistitem undefined">
    <abbr
      className="new">
      NEW
    </abbr>
    <div
      className="top">
      <small
        className="category">
        <a
          onClick={[Function]}
          style={Object {}} />
         - 
      </small>
      <small
        className="date">
        a few seconds ago
      </small>
    </div>
    <strong
      className="position" />
    <small
      className="about" />
  </li>
</a>
`;

exports[`<JobListItem /> renders by default 1`] = `
<a
  onClick={[Function]}
  style={Object {}}>
  <li
    className="joblistitem undefined">
    <abbr
      className="new">
      NEW
    </abbr>
    <div
      className="top">
      <small
        className="category">
        <a
          onClick={[Function]}
          style={Object {}} />
         - 
      </small>
      <small
        className="date">
        a few seconds ago
      </small>
    </div>
    <strong
      className="position" />
    <small
      className="about" />
  </li>
</a>
`;
